// Jest Snapshot v1, https://goo.gl/fbAQLP

exports[`Search Component correctly renders Search component 1`] = `null`;
