// Jest Snapshot v1, https://goo.gl/fbAQLP

exports[`SuccessModal Component correctly renders SuccessModal component 1`] = `null`;
