// Jest Snapshot v1, https://goo.gl/fbAQLP

exports[`ConfirmationModal Component correctly renders ConfirmationModal component 1`] = `null`;

exports[`Header Component correctly renders Header component 1`] = `
<header
  className="hero  "
/>
`;

exports[`Input Component correctly renders Input component 1`] = `
<div
  className="input inline-input"
>
  <div
    className="inline-input__text "
  >
    <label>
      <span
        className="inline-input__label"
      />
      <input
        maxLength={200}
        type="text"
      />
    </label>
  </div>
</div>
`;

exports[`Navigation Component correctly renders Navigation component 1`] = `null`;

exports[`Search Component correctly renders Search component 1`] = `null`;

exports[`SuccessModal Component correctly renders SuccessModal component 1`] = `null`;
