// Jest Snapshot v1, https://goo.gl/fbAQLP

exports[`Navigation Component correctly renders Navigation component 1`] = `null`;
