// Jest Snapshot v1, https://goo.gl/fbAQLP

exports[`Header Component correctly renders Header component 1`] = `
<header
  className="hero  "
/>
`;
