// Jest Snapshot v1, https://goo.gl/fbAQLP

exports[`MultiSelect Component renders correctly 1`] = `
<div>
  <div
    className="searchContainer"
  >
    <div
      className="searchContainerInner"
    >
      <div
        className="align--left"
      >
        <div>
          <label>
            <input
              className="searchBar"
              onChange={[Function]}
              onFocus={[Function]}
              placeholder=""
              type="text"
              value=""
            />
          </label>
        </div>
      </div>
      
      <div
        className="selectedOptions"
      />
    </div>
  </div>
  <div
    className="selectedOptions"
  />
</div>
`;
