// Jest Snapshot v1, https://goo.gl/fbAQLP

exports[`NewPropertyForm correctly renders NewPropertyForm component 1`] = `null`;
