// Jest Snapshot v1, https://goo.gl/fbAQLP

exports[`MessageBox Component renders correctly 1`] = `
<div
  className="msgbox"
>
  <p>
    
  </p>
</div>
`;
