// Jest Snapshot v1, https://goo.gl/fbAQLP

exports[`ConfirmationModal Component correctly renders ConfirmationModal component 1`] = `null`;
